
> pms-app@0.1.0 build
> next build

Γû▓ Next.js 16.1.0 (Turbopack)

  Creating an optimized production build ...
node.exe : Error: 
Cannot apply unknown 
utility class 
`border-border`
At line:1 char:1
+ & "C:\Program Files
\nodejs/node.exe" 
"C:\Program 
Files\nodejs/node_mo 
...
+ ~~~~~~~~~~~~~~~~~~~
~~~~~~~~~~~~~~~~~~~~~
~~~~~~~~~~~~~~~~~~~~~
~~~~~~~~
    + CategoryInfo   
           : NotSpe  
  cified: (Error:    
 Cannot a...`bord    
er-border`:Strin    
g) [], RemoteExc    
eption
    + FullyQualified 
   ErrorId : Native  
  CommandError
 
    [2m[at 
onInvalidCandidate (C
:\Users\Panda\Desktop
\attendance 
management system\nod
e_modules\tailwindcss
\dist\lib.js:21:1511)
][0m
    [2m[at Te (C:\Us
ers\Panda\Desktop\att
endance management sy
stem\node_modules\tai
lwindcss\dist\lib.js:
16:36652)][0m
    [2m[at C:\Users\
Panda\Desktop\attenda
nce management system
\node_modules\tailwin
dcss\dist\lib.js:21:3
55][0m
    [2m[at Rr (C:\Us
ers\Panda\Desktop\att
endance management sy
stem\node_modules\tai
lwindcss\dist\lib.js:
3:1718)][0m
    [2m[at _ (C:\Use
rs\Panda\Desktop\atte
ndance management sys
tem\node_modules\tail
windcss\dist\lib.js:3
:1377)][0m
    [2m[at $e (C:\Us
ers\Panda\Desktop\att
endance management sy
stem\node_modules\tai
lwindcss\dist\lib.js:
21:172)][0m
    [2m[at un (C:\Us
ers\Panda\Desktop\att
endance management sy
stem\node_modules\tai
lwindcss\dist\lib.js:
38:294)][0m
    [2m[at async cn 
(C:\Users\Panda\Deskt
op\attendance 
management system\nod
e_modules\tailwindcss
\dist\lib.js:38:631)]
[0m
    [2m[at async Xr 
(C:\Users\Panda\Deskt
op\attendance 
management system\nod
e_modules\@tailwindcs
s\node\dist\index.js:
10:3417)][0m
    [2m[at async I (
C:\Users\Panda\Deskto
p\attendance 
management system\nod
e_modules\@tailwindcs
s\postcss\dist\index.
js:10:3977)][0m

> Build error 
occurred
Error: Turbopack 
build failed with 1 
errors:
./src/app/globals.css
Error evaluating 
Node.js code
CssSyntaxError: 
tailwindcss: C:\Users
\Panda\Desktop\attend
ance management syste
m\src\app\globals.css
:1:1: Cannot apply 
unknown utility 
class `border-border`
    at Input.error (n
ode_modules/postcss/l
ib/input.js:135:16) [
C:\Users\Panda\Deskto
p\attendance 
management system\.ne
xt\build\chunks\node_
modules_fe693df6._.js
:4651:22]
    at Root.error (no
de_modules/postcss/li
b/node.js:146:32) [C:
\Users\Panda\Desktop\
attendance 
management system\.ne
xt\build\chunks\node_
modules_fe693df6._.js
:928:38]
    [at Object.Once (
C:\Users\Panda\Deskto
p\attendance 
management system\nod
e_modules\@tailwindcs
s\postcss\dist\index.
js:10:6911)]
    at async 
LazyResult.runAsync (
node_modules/postcss/
lib/lazy-result.js:29
3:11) [C:\Users\Panda
\Desktop\attendance 
management system\.ne
xt\build\chunks\node_
modules_fe693df6._.js
:6206:21]
    at async 
transform (turbopack:
///[turbopack-node]/t
ransforms/postcss.ts:
70:34) [C:\Users\Pand
a\Desktop\attendance 
management system\.ne
xt\build\chunks\[root
-of-the-server]__5122
5daf._.js:146:36]
    at async run (tur
bopack:///[turbopack-
node]/ipc/evaluate.ts
:92:23) [C:\Users\Pan
da\Desktop\attendance
 management system\.n
ext\build\chunks\[roo
t-of-the-server]__974
941ed._.js:443:31]

Import trace:
  Client Component 
Browser:
    ./src/app/globals
.css [Client 
Component Browser]
    
./src/app/layout.tsx 
[Server Component]


    at async 
transform (turbopack:
///[turbopack-node]/t
ransforms/postcss.ts:
70:34) [C:\Users\Pand
a\Desktop\attendance 
management system\.ne
xt\build\chunks\[root
-of-the-server]__5122
5daf._.js:146:36])
    at async run (tur
bopack:///[turbopack-
node]/ipc/evaluate.ts
:92:23) [C:\Users\Pan
da\Desktop\attendance
 management system\.n
ext\build\chunks\[roo
t-of-the-server]__974
941ed._.js:443:31])
